{
    "return": {
        "first_func": "procedure first_func()",
        "main": "procedure main()"
    }
}