{
    "return": {
        "event_handlers_loaded": 0,
        "functions_loaded": 0,
        "metadata": {
            "title": "A file with no code"
        }
    }
}