{
  "return": {
    "event_handlers_loaded": 1,
    "functions_loaded": 2,
    "metadata": {
      "title": "A library file"
    }
  }
}