{
  "return": "Caught error: a 'must' condition failed"
}
