{
    "return": [
        {
            "expected": 5,
            "name": "string",
            "value": "hello"
        },
        {
            "expected": 4,
            "name": "unicode string",
            "value": "你好世界"
        },
        {
            "expected": 0,
            "name": "empty string",
            "value": ""
        },
        {
            "expected": 3,
            "name": "list",
            "value": [
                1,
                "two",
                true
            ]
        },
        {
            "expected": 0,
            "name": "empty list",
            "value": []
        },
        {
            "expected": 2,
            "name": "map",
            "value": {
                "a": 1,
                "b": 2
            }
        },
        {
            "expected": 0,
            "name": "empty map",
            "value": {}
        },
        {
            "expected": 1,
            "name": "number",
            "value": 42.5
        },
        {
            "expected": 1,
            "name": "boolean",
            "value": false
        },
        {
            "expected": 0,
            "name": "nil",
            "value": null
        }
    ]
}